// Jest Snapshot v1, https://goo.gl/fbAQLP

exports[`Favorites component matches snapshot 1`] = `
<DocumentFragment>
  <table>
    <thead>
      <tr>
        <th>
          Название фильма
        </th>
        <th />
      </tr>
    </thead>
    <tbody>
      <tr>
        <td>
          Leon
        </td>
        <td>
          <button>
            Add to favorites
          </button>
        </td>
      </tr>
      <tr>
        <td>
          Neon Genesis Evangelion
        </td>
        <td>
          <button>
            Add to favorites
          </button>
        </td>
      </tr>
      <tr>
        <td>
          2012
        </td>
        <td>
          <button>
            Add to favorites
          </button>
        </td>
      </tr>
    </tbody>
  </table>
  <br />
  <p
    data-testid="count"
  >
    Count: 0
  </p>
</DocumentFragment>
`;
