// Jest Snapshot v1, https://goo.gl/fbAQLP

exports[`MovieInfo component should match snapshot 1`] = `
<DocumentFragment>
  <div
    class="movie-info w-full bg-cover bg-no-repeat p-card p-component"
    data-pc-name="card"
    data-pc-section="root"
  >
    <div
      class="p-card-body"
      data-pc-section="body"
    >
      <div
        class="p-card-content"
        data-pc-section="content"
      >
        <div
          class="flex gap-4 p-5 text-black"
        >
          <img
            alt="poster"
            src="https://image.tmdb.org/t/p/w500/poster.jpg"
          />
          <div>
            <h3
              class="mb-2"
            >
              Titanic (1998)
            </h3>
            <p
              class="mb-3"
            >
              Drama, Romance
            </p>
            <div
              class="flex align-items-center mb-3"
            >
              <div
                class="p-knob p-component"
                data-pc-name="knob"
                data-pc-section="root"
              >
                <svg
                  aria-valuemax="100"
                  aria-valuemin="0"
                  aria-valuenow="88"
                  data-pc-section="svg"
                  height="100"
                  role="slider"
                  tabindex="0"
                  viewBox="0 0 100 100"
                  width="100"
                >
                  <path
                    class="p-knob-range"
                    d="M 29.999999999999982 84.64101615137754 A 40 40 0 1 1 70 84.64101615137754"
                    data-pc-section="range"
                    stroke="white"
                    stroke-width="14"
                  />
                  <path
                    class="p-knob-value"
                    d="M 29.999999999999982 84.64101615137754 A 40 40 0 1 1 86.54181830570404 66.269465723032"
                    data-pc-section="value"
                    stroke="#2F3B3B"
                    stroke-width="14"
                  />
                  <text
                    class="p-knob-text"
                    data-pc-section="label"
                    fill="var(--text-color-secondary, Black)"
                    text-anchor="middle"
                    x="50"
                    y="57"
                  >
                    88%
                  </text>
                </svg>
              </div>
              <span>
                User score
              </span>
            </div>
            <b>
              Overview
            </b>
            <p>
              Movie description
            </p>
            <p>
              Original language: EN
            </p>
          </div>
        </div>
      </div>
    </div>
  </div>
</DocumentFragment>
`;
